2026-09-12 05:15:20.767 [info] semantic_tokens_full file:///voc/work/Exercises/cd14763%20C2%20Executing%20Code%20with%20AgentCore%20Code%20Interpreter/Exercise/starter.py 
2026-09-12 05:15:20.770 [info] semantic_tokens_range file:///voc/work/Exercises/cd14763%20C2%20Executing%20Code%20with%20AgentCore%20Code%20Interpreter/Exercise/starter.py 26:0-105:0
2026-09-12 05:15:20.787 [info] [Debug - 5:15:20 AM] no definitions found for name "module bedrock_agentcore" of type 'module' (28:5)
2026-09-12 05:15:20.787 [info] [Debug - 5:15:20 AM] no definitions found for name "module runtime" of type 'module' (28:23)
2026-09-12 05:15:20.787 [info] [Debug - 5:15:20 AM] no definitions found for name "module BedrockAgentCoreApp" of type 'module' (28:38)
2026-09-12 05:15:20.787 [info] [Debug - 5:15:20 AM] no definitions found for name "module strands" of type 'module' (29:5)
2026-09-12 05:15:20.787 [info] [Debug - 5:15:20 AM] no definitions found for name "module Agent" of type 'module' (29:20)
2026-09-12 05:15:20.787 [info] [Debug - 5:15:20 AM] no definitions found for name "module tool" of type 'module' (29:27)
2026-09-12 05:15:20.787 [info] [Debug - 5:15:20 AM] no definitions found for name "module strands" of type 'module' (30:5)
2026-09-12 05:15:20.787 [info] [Debug - 5:15:20 AM] no definitions found for name "module models" of type 'module' (30:13)
2026-09-12 05:15:20.787 [info] [Debug - 5:15:20 AM] no definitions found for name "module BedrockModel" of type 'module' (30:27)
2026-09-12 05:15:20.787 [info] [Debug - 5:15:20 AM] no definitions found for name "module bedrock_agentcore" of type 'module' (33:5)
2026-09-12 05:15:20.787 [info] [Debug - 5:15:20 AM] no definitions found for name "module tools" of type 'module' (33:23)
2026-09-12 05:15:20.788 [info] [Debug - 5:15:20 AM] no definitions found for name "module code_interpreter_client" of type 'module' (33:29)
2026-09-12 05:15:20.788 [info] [Debug - 5:15:20 AM] no definitions found for name "module code_session" of type 'module' (33:60)
2026-09-12 05:15:20.788 [info] [Debug - 5:15:20 AM] no definitions found for name "module strands_tools" of type 'module' (34:5)
2026-09-12 05:15:20.788 [info] [Debug - 5:15:20 AM] no definitions found for name "module calculator" of type 'module' (34:26)
2026-09-12 05:15:20.819 [info] [Debug - 5:15:20 AM] no definitions found for name "module bedrock_agentcore" of type 'module' (28:5)
2026-09-12 05:15:20.819 [info] [Debug - 5:15:20 AM] no definitions found for name "module runtime" of type 'module' (28:23)
2026-09-12 05:15:20.819 [info] [Debug - 5:15:20 AM] no definitions found for name "module BedrockAgentCoreApp" of type 'module' (28:38)
2026-09-12 05:15:20.820 [info] [Debug - 5:15:20 AM] no definitions found for name "module strands" of type 'module' (29:5)
2026-09-12 05:15:20.820 [info] [Debug - 5:15:20 AM] no definitions found for name "module Agent" of type 'module' (29:20)
2026-09-12 05:15:20.820 [info] [Debug - 5:15:20 AM] no definitions found for name "module tool" of type 'module' (29:27)
2026-09-12 05:15:20.820 [info] [Debug - 5:15:20 AM] no definitions found for name "module strands" of type 'module' (30:5)
2026-09-12 05:15:20.820 [info] [Debug - 5:15:20 AM] no definitions found for name "module models" of type 'module' (30:13)
2026-09-12 05:15:20.820 [info] [Debug - 5:15:20 AM] no definitions found for name "module BedrockModel" of type 'module' (30:27)
2026-09-12 05:15:20.820 [info] [Debug - 5:15:20 AM] no definitions found for name "module bedrock_agentcore" of type 'module' (33:5)
2026-09-12 05:15:20.837 [info] [Debug - 5:15:20 AM] no definitions found for name "module tools" of type 'module' (33:23)
2026-09-12 05:15:20.845 [info] [Debug - 5:15:20 AM] no definitions found for name "module code_interpreter_client" of type 'module' (33:29)
2026-09-12 05:15:20.845 [info] [Debug - 5:15:20 AM] no definitions found for name "module code_session" of type 'module' (33:60)
2026-09-12 05:15:20.846 [info] [Debug - 5:15:20 AM] no definitions found for name "module strands_tools" of type 'module' (34:5)
2026-09-12 05:15:20.846 [info] [Debug - 5:15:20 AM] no definitions found for name "module calculator" of type 'module' (34:26)
2026-09-12 05:15:20.866 [info] [Debug - 5:15:20 AM] no definitions found for name "level" of type 'statement' (36:20)
2026-09-12 05:15:20.871 [info] [Debug - 5:15:20 AM] no definitions found for name "format" of type 'statement' (36:40)
2026-09-12 05:15:20.871 [info] [Debug - 5:15:20 AM] no definitions found for name "BedrockAgentCoreApp" of type 'statement' (39:6)
2026-09-12 05:15:20.872 [info] [Debug - 5:15:20 AM] no definitions found for name "BedrockModel" of type 'statement' (40:8)
2026-09-12 05:15:20.872 [info] [Debug - 5:15:20 AM] no definitions found for name "model_id" of type 'statement' (40:21)
2026-09-12 05:15:20.873 [info] [Debug - 5:15:20 AM] no definitions found for name "entrypoint" of type 'statement' (85:5)
2026-09-12 05:15:20.875 [info] [Debug - 5:15:20 AM] multiple definitions found for name "basicConfig" of type 'statement' (36:8):
 <Name full_name='logging.basicConfig', description='def basicConfig'>
<Name full_name='logging.basicConfig', description='def basicConfig'>
<Name full_name='logging.basicConfig', description='def basicConfig'>
<Name full_name='logging.basicConfig', description='def basicConfig'>
2026-09-12 05:15:21.420 [info] [Debug - 5:15:21 AM] multiple definitions found for name "level" of type 'statement' (36:20):
 <Name name='level', description='param level: Optional[_Level]=...'>
<Name name='level', description='param level: Optional[_Level]=...'>
<Name name='level', description='param level: Optional[_Level]=...'>
2026-09-12 05:15:21.420 [info] [Debug - 5:15:21 AM] multiple definitions found for name "format" of type 'statement' (36:40):
 <Name name='format', description='param format: str=...'>
<Name name='format', description='param format: str=...'>
<Name name='format', description='param format: str=...'>
2026-09-12 05:15:21.420 [info] [Debug - 5:15:21 AM] no definitions found for name "BedrockAgentCoreApp" of type 'statement' (39:6)
2026-09-12 05:15:21.420 [info] [Debug - 5:15:21 AM] no definitions found for name "BedrockModel" of type 'statement' (40:8)
2026-09-12 05:15:21.420 [info] [Debug - 5:15:21 AM] no definitions found for name "model_id" of type 'statement' (40:21)
2026-09-12 05:15:21.420 [info] [Debug - 5:15:21 AM] no definitions found for name "entrypoint" of type 'statement' (85:5)
