2026-09-12 04:54:25.473 [info] Telemetry level is off
2026-09-12 04:54:25.473 [info] Experiments are disabled, only manually opted experiments are active.
2026-09-12 04:54:25.473 [warning] Dir "/voc/work/.pixi/envs" is not watchable (directory does not exist)
2026-09-12 04:54:25.473 [info] Starting Environment refresh
2026-09-12 04:54:25.473 [info] Searching for interpreters in posix paths locator
2026-09-12 04:54:25.473 [info] Searching for pyenv environments
2026-09-12 04:54:25.473 [info] Searching for conda environments
2026-09-12 04:54:25.473 [info] Searching for global virtual environments
2026-09-12 04:54:25.473 [info] Searching for custom virtual environments
2026-09-12 04:54:25.473 [info] Skipping ActivatedEnv Detection:  process.env.VSCODE_CLI !== '1'
2026-09-12 04:54:25.473 [info] Skipping ActivatedEnv Detection:  process.env.VSCODE_CLI !== '1'
2026-09-12 04:54:25.473 [info] Finished searching for custom virtual envs: 8 milliseconds
2026-09-12 04:54:25.473 [info] pyenv is not installed
2026-09-12 04:54:25.473 [info] Finished searching for pyenv environments: 9 milliseconds
2026-09-12 04:54:25.473 [info] > conda info --json
2026-09-12 04:54:25.473 [info] > hatch env show --json
2026-09-12 04:54:25.473 [info] cwd: .
2026-09-12 04:54:25.473 [info] > pyenv which python
2026-09-12 04:54:25.473 [info] cwd: .
2026-09-12 04:54:25.473 [info] Finished searching for global virtual envs: 25 milliseconds
2026-09-12 04:54:25.473 [info] Found: /bin/python --> /bin/python3.10
2026-09-12 04:54:25.473 [info] Found: /bin/python3 --> /bin/python3.10
2026-09-12 04:54:25.473 [info] Found: /bin/python3.10 --> /bin/python3.10
2026-09-12 04:54:25.473 [info] Found: /bin/python3.8 --> /bin/python3.8
2026-09-12 04:54:25.475 [info] Found: /usr/bin/python --> /usr/bin/python3.10
2026-09-12 04:54:25.475 [info] Found: /usr/bin/python3 --> /usr/bin/python3.10
2026-09-12 04:54:25.475 [info] Found: /usr/bin/python3.10 --> /usr/bin/python3.10
2026-09-12 04:54:25.475 [info] Found: /usr/bin/python3.8 --> /usr/bin/python3.8
2026-09-12 04:54:25.480 [info] Found: /usr/local/bin/python3.13 --> /usr/local/bin/python3.13
2026-09-12 04:54:25.489 [info] > /bin/python -I /usr/local/lib/code-server-4.103.2/lib/vscode/extensions/ms-python.python-2025.12.0/python_files/get_output_via_markers.py /usr/local/lib/code-server-4.103.2/lib/vscode/extensions/ms-python.python-2025.12.0/python_files/interpreterInfo.py
2026-09-12 04:54:25.495 [info] > /bin/python3.8 -I /usr/local/lib/code-server-4.103.2/lib/vscode/extensions/ms-python.python-2025.12.0/python_files/get_output_via_markers.py /usr/local/lib/code-server-4.103.2/lib/vscode/extensions/ms-python.python-2025.12.0/python_files/interpreterInfo.py
2026-09-12 04:54:25.503 [info] Finished searching for interpreters in posix paths locator: 72 milliseconds
2026-09-12 04:54:25.548 [info] > /usr/bin/python -I /usr/local/lib/code-server-4.103.2/lib/vscode/extensions/ms-python.python-2025.12.0/python_files/get_output_via_markers.py /usr/local/lib/code-server-4.103.2/lib/vscode/extensions/ms-python.python-2025.12.0/python_files/interpreterInfo.py
2026-09-12 04:54:25.550 [info] > /usr/bin/python3.8 -I /usr/local/lib/code-server-4.103.2/lib/vscode/extensions/ms-python.python-2025.12.0/python_files/get_output_via_markers.py /usr/local/lib/code-server-4.103.2/lib/vscode/extensions/ms-python.python-2025.12.0/python_files/interpreterInfo.py
2026-09-12 04:54:25.553 [info] Environments refresh paths discovered (event): 122 milliseconds
2026-09-12 04:54:25.557 [info] Environments refresh paths discovered: 126 milliseconds
2026-09-12 04:54:25.572 [info] > /usr/local/bin/python3.13 -I /usr/local/lib/code-server-4.103.2/lib/vscode/extensions/ms-python.python-2025.12.0/python_files/get_output_via_markers.py /usr/local/lib/code-server-4.103.2/lib/vscode/extensions/ms-python.python-2025.12.0/python_files/interpreterInfo.py
2026-09-12 04:54:25.596 [info] Environments refresh finished (event): 165 milliseconds
2026-09-12 04:54:25.602 [info] Environment refresh took 171 milliseconds
2026-09-12 04:54:25.607 [info] Running installed packages checker:  {
  id: '/usr/local/bin/python3.13',
  sysPrefix: '/usr/local',
  envType: 'Global',
  envName: '',
  envPath: '',
  path: '/usr/local/bin/python3.13',
  architecture: 3,
  sysVersion: '3.13.2 (main, Apr 20 2026, 20:56:31) [GCC 9.4.0]',
  version: {
    raw: '3.13.2',
    major: 3,
    minor: 13,
    patch: 2,
    build: [],
    prerelease: [ 'final', '0' ]
  },
  displayName: 'Python 3.13.2 64-bit',
  detailedDisplayName: 'Python 3.13.2 64-bit',
  type: undefined
} /usr/local/lib/code-server-4.103.2/lib/vscode/extensions/ms-python.python-2025.12.0/python_files/installed_check.py /voc/work/Exercises/cd14763 C2 Executing Code with AgentCore Code Interpreter/Demo/requirements.txt
2026-09-12 04:54:25.607 [info] > /usr/local/bin/python3.13 /usr/local/lib/code-server-4.103.2/lib/vscode/extensions/ms-python.python-2025.12.0/python_files/installed_check.py "./Exercises/cd14763 C2 Executing Code with AgentCore Code Interpreter/Demo/requirements.txt"
2026-09-12 04:54:25.607 [info] Python interpreter path: /usr/local/bin/python3.13
2026-09-12 04:54:26.760 [info] Running installed packages checker:  {
  id: '/usr/local/bin/python3.13',
  sysPrefix: '/usr/local',
  envType: 'Global',
  envName: '',
  envPath: '',
  path: '/usr/local/bin/python3.13',
  architecture: 3,
  sysVersion: '3.13.2 (main, Apr 20 2026, 20:56:31) [GCC 9.4.0]',
  version: {
    raw: '3.13.2',
    major: 3,
    minor: 13,
    patch: 2,
    build: [],
    prerelease: [ 'final', '0' ]
  },
  displayName: 'Python 3.13.2 64-bit',
  detailedDisplayName: 'Python 3.13.2 64-bit',
  type: undefined
} /usr/local/lib/code-server-4.103.2/lib/vscode/extensions/ms-python.python-2025.12.0/python_files/installed_check.py /voc/work/Exercises/cd14763 C2 Executing Code with AgentCore Code Interpreter/Exercise/requirements.txt
2026-09-12 04:54:26.760 [info] > /usr/local/bin/python3.13 /usr/local/lib/code-server-4.103.2/lib/vscode/extensions/ms-python.python-2025.12.0/python_files/installed_check.py "./Exercises/cd14763 C2 Executing Code with AgentCore Code Interpreter/Exercise/requirements.txt"
2026-09-12 04:54:27.120 [info] Starting Jedi language server for work.
2026-09-12 04:56:57.549 [info] Discover tests for workspace name: work - uri: /voc/work/Exercises/cd14763 C2 Executing Code with AgentCore Code Interpreter/Exercise/starter.py
2026-09-12 04:57:41.418 [info] Discover tests for workspace name: work - uri: /voc/work/Exercises/cd14763 C2 Executing Code with AgentCore Code Interpreter/Exercise/starter.py
2026-09-12 04:57:43.013 [info] Discover tests for workspace name: work - uri: /voc/work/Exercises/cd14763 C2 Executing Code with AgentCore Code Interpreter/Exercise/starter.py
2026-09-12 04:57:48.019 [info] Discover tests for workspace name: work - uri: /voc/work/Exercises/cd14763 C2 Executing Code with AgentCore Code Interpreter/Exercise/starter.py
2026-09-12 04:57:51.014 [info] Discover tests for workspace name: work - uri: /voc/work/Exercises/cd14763 C2 Executing Code with AgentCore Code Interpreter/Exercise/starter.py
2026-09-12 04:58:00.043 [info] Discover tests for workspace name: work - uri: /voc/work/Exercises/cd14763 C2 Executing Code with AgentCore Code Interpreter/Exercise/starter.py
2026-09-12 04:58:02.911 [info] Discover tests for workspace name: work - uri: /voc/work/Exercises/cd14763 C2 Executing Code with AgentCore Code Interpreter/Exercise/starter.py
2026-09-12 04:58:15.049 [info] Discover tests for workspace name: work - uri: /voc/work/Exercises/cd14763 C2 Executing Code with AgentCore Code Interpreter/Exercise/starter.py
2026-09-12 04:58:18.294 [info] Discover tests for workspace name: work - uri: /voc/work/Exercises/cd14763 C2 Executing Code with AgentCore Code Interpreter/Exercise/starter.py
2026-09-12 04:58:23.363 [info] Discover tests for workspace name: work - uri: /voc/work/Exercises/cd14763 C2 Executing Code with AgentCore Code Interpreter/Exercise/starter.py
2026-09-12 04:58:26.398 [info] Discover tests for workspace name: work - uri: /voc/work/Exercises/cd14763 C2 Executing Code with AgentCore Code Interpreter/Exercise/starter.py
2026-09-12 04:58:28.782 [info] Discover tests for workspace name: work - uri: /voc/work/Exercises/cd14763 C2 Executing Code with AgentCore Code Interpreter/Exercise/starter.py
2026-09-12 04:59:18.875 [info] Discover tests for workspace name: work - uri: /voc/work/Exercises/cd14763 C2 Executing Code with AgentCore Code Interpreter/Exercise/starter.py
2026-09-12 04:59:29.403 [info] Discover tests for workspace name: work - uri: /voc/work/Exercises/cd14763 C2 Executing Code with AgentCore Code Interpreter/Exercise/starter.py
2026-09-12 05:00:05.095 [info] Discover tests for workspace name: work - uri: /voc/work/Exercises/cd14763 C2 Executing Code with AgentCore Code Interpreter/Exercise/starter.py
2026-09-12 05:00:18.426 [info] Discover tests for workspace name: work - uri: /voc/work/Exercises/cd14763 C2 Executing Code with AgentCore Code Interpreter/Exercise/starter.py
2026-09-12 05:00:24.899 [info] Discover tests for workspace name: work - uri: /voc/work/Exercises/cd14763 C2 Executing Code with AgentCore Code Interpreter/Exercise/starter.py
2026-09-12 05:00:26.541 [info] Discover tests for workspace name: work - uri: /voc/work/Exercises/cd14763 C2 Executing Code with AgentCore Code Interpreter/Exercise/starter.py
2026-09-12 05:04:17.586 [info] Discover tests for workspace name: work - uri: /voc/work/Exercises/cd14763 C2 Executing Code with AgentCore Code Interpreter/Exercise/solution.py
