2026-09-12 04:51:13.903 [info] [main] Log level: Info
2026-09-12 04:51:13.903 [info] [main] Validating found git in: "git"
2026-09-12 04:51:13.903 [info] [main] Using git "2.25.1" from "git"
2026-09-12 04:51:13.903 [info] [Model][doInitialScan] Initial repository scan started
2026-09-12 04:51:13.903 [info] > git rev-parse --show-toplevel [5ms]
2026-09-12 04:51:13.903 [info] fatal: not a git repository (or any parent up to mount point /voc)
Stopping at filesystem boundary (GIT_DISCOVERY_ACROSS_FILESYSTEM not set).
2026-09-12 04:51:13.903 [info] > git rev-parse --show-toplevel [6ms]
2026-09-12 04:51:13.903 [info] fatal: not a git repository (or any parent up to mount point /voc)
Stopping at filesystem boundary (GIT_DISCOVERY_ACROSS_FILESYSTEM not set).
2026-09-12 04:51:13.903 [info] > git rev-parse --show-toplevel [6ms]
2026-09-12 04:51:13.903 [info] fatal: not a git repository (or any parent up to mount point /voc)
Stopping at filesystem boundary (GIT_DISCOVERY_ACROSS_FILESYSTEM not set).
2026-09-12 04:51:13.903 [info] > git rev-parse --show-toplevel [6ms]
2026-09-12 04:51:13.903 [info] fatal: not a git repository (or any parent up to mount point /voc)
Stopping at filesystem boundary (GIT_DISCOVERY_ACROSS_FILESYSTEM not set).
2026-09-12 04:51:13.903 [info] > git rev-parse --show-toplevel [6ms]
2026-09-12 04:51:13.903 [info] fatal: not a git repository (or any parent up to mount point /voc)
Stopping at filesystem boundary (GIT_DISCOVERY_ACROSS_FILESYSTEM not set).
2026-09-12 04:51:13.903 [info] > git rev-parse --show-toplevel [5ms]
2026-09-12 04:51:13.903 [info] fatal: not a git repository (or any parent up to mount point /voc)
Stopping at filesystem boundary (GIT_DISCOVERY_ACROSS_FILESYSTEM not set).
2026-09-12 04:51:13.903 [info] > git rev-parse --show-toplevel [4ms]
2026-09-12 04:51:13.903 [info] fatal: not a git repository (or any parent up to mount point /voc)
Stopping at filesystem boundary (GIT_DISCOVERY_ACROSS_FILESYSTEM not set).
2026-09-12 04:51:13.903 [info] > git rev-parse --show-toplevel [4ms]
2026-09-12 04:51:13.903 [info] fatal: not a git repository (or any parent up to mount point /voc)
Stopping at filesystem boundary (GIT_DISCOVERY_ACROSS_FILESYSTEM not set).
2026-09-12 04:51:13.903 [info] [Model][doInitialScan] Initial repository scan completed - repositories (0), closed repositories (0), parent repositories (0), unsafe repositories (0)
2026-09-12 04:51:22.804 [info] > git rev-parse --show-toplevel [3ms]
2026-09-12 04:51:22.805 [info] fatal: not a git repository (or any parent up to mount point /voc)
Stopping at filesystem boundary (GIT_DISCOVERY_ACROSS_FILESYSTEM not set).
2026-09-12 04:54:24.709 [info] > git rev-parse --show-toplevel [11ms]
2026-09-12 04:54:24.710 [info] fatal: not a git repository (or any parent up to mount point /voc)
Stopping at filesystem boundary (GIT_DISCOVERY_ACROSS_FILESYSTEM not set).
2026-09-12 04:54:25.919 [info] > git rev-parse --show-toplevel [3ms]
2026-09-12 04:54:25.919 [info] fatal: not a git repository (or any parent up to mount point /voc)
Stopping at filesystem boundary (GIT_DISCOVERY_ACROSS_FILESYSTEM not set).
2026-09-12 04:54:26.533 [info] > git rev-parse --show-toplevel [7ms]
2026-09-12 04:54:26.533 [info] fatal: not a git repository (or any parent up to mount point /voc)
Stopping at filesystem boundary (GIT_DISCOVERY_ACROSS_FILESYSTEM not set).
2026-09-12 04:54:26.775 [info] > git rev-parse --show-toplevel [13ms]
2026-09-12 04:54:26.775 [info] fatal: not a git repository (or any parent up to mount point /voc)
Stopping at filesystem boundary (GIT_DISCOVERY_ACROSS_FILESYSTEM not set).
2026-09-12 04:54:29.092 [info] > git rev-parse --show-toplevel [7ms]
2026-09-12 04:54:29.092 [info] fatal: not a git repository (or any parent up to mount point /voc)
Stopping at filesystem boundary (GIT_DISCOVERY_ACROSS_FILESYSTEM not set).
2026-09-12 04:54:30.810 [info] > git rev-parse --show-toplevel [7ms]
2026-09-12 04:54:30.810 [info] fatal: not a git repository (or any parent up to mount point /voc)
Stopping at filesystem boundary (GIT_DISCOVERY_ACROSS_FILESYSTEM not set).
2026-09-12 04:54:44.506 [info] > git rev-parse --show-toplevel [8ms]
2026-09-12 04:54:44.508 [info] fatal: not a git repository (or any parent up to mount point /voc)
Stopping at filesystem boundary (GIT_DISCOVERY_ACROSS_FILESYSTEM not set).
2026-09-12 04:55:15.497 [info] > git rev-parse --show-toplevel [6ms]
2026-09-12 04:55:15.498 [info] fatal: not a git repository (or any parent up to mount point /voc)
Stopping at filesystem boundary (GIT_DISCOVERY_ACROSS_FILESYSTEM not set).
2026-09-12 04:56:09.798 [info] > git rev-parse --show-toplevel [4ms]
2026-09-12 04:56:09.799 [info] fatal: not a git repository (or any parent up to mount point /voc)
Stopping at filesystem boundary (GIT_DISCOVERY_ACROSS_FILESYSTEM not set).
2026-09-12 05:04:12.897 [info] > git rev-parse --show-toplevel [3ms]
2026-09-12 05:04:12.899 [info] fatal: not a git repository (or any parent up to mount point /voc)
Stopping at filesystem boundary (GIT_DISCOVERY_ACROSS_FILESYSTEM not set).
2026-09-12 05:04:33.083 [info] > git rev-parse --show-toplevel [3ms]
2026-09-12 05:04:33.083 [info] fatal: not a git repository (or any parent up to mount point /voc)
Stopping at filesystem boundary (GIT_DISCOVERY_ACROSS_FILESYSTEM not set).
